 From envelope-based radiation integrals and IBS calculations: 
  Emittance (SR only):           9.23798E-10   1.29820E-11   1.19224E-06
  Emittance (with IBS):          1.14897E-09   1.60957E-11   1.32227E-06
  Damping decrements (alpha):    3.06308E-05   1.15040E-04   3.29000E-04
  Damping times:                 3.16240E-02   8.42031E-03   2.94428E-03
