    4.7486E-10    4.3244E-15    8.5783E-11    1.7044E-15   -9.3740E-15    3.1688E-13
    4.3244E-15    7.0269E-11    4.2792E-15    7.7102E-12   -3.2569E-17   -1.9646E-14
    8.5783E-11    4.2793E-15    6.5554E-11    1.2674E-15    5.7353E-16    9.7444E-14
    1.7044E-15    7.7102E-12    1.2673E-15    6.5858E-12   -3.1596E-16   -5.7025E-14
   -9.3739E-15   -3.2630E-17    5.7357E-16   -3.1596E-16    8.3697E-06   -2.1446E-08
    3.1688E-13   -1.9646E-14    9.7444E-14   -5.7025E-14   -2.1446E-08    1.2811E-06
