    3.4586E-10    3.4014E-15    6.3248E-11    2.5510E-16   -1.8504E-15    2.7245E-13
    3.4014E-15    5.1168E-11    6.0447E-16    5.7506E-12   -1.9401E-15    9.1272E-19
    6.3248E-11    6.0447E-16    4.1754E-11    2.0330E-16    5.0488E-17    8.4360E-14
    2.5510E-16    5.7506E-12    2.0330E-16    4.1085E-12   -4.2720E-16    1.4648E-18
   -1.8504E-15   -1.9401E-15    5.0488E-17   -4.2720E-16    7.1571E-06   -1.8338E-08
    2.7245E-13    9.1272E-19    8.4360E-14    1.4648E-18   -1.8338E-08    1.0955E-06
