!RF_W1[VOLT]:=  1538985.5050098540
!RF_W2[VOLT]:=  1538985.5050098540
!RF_E1[VOLT]:=  1538985.5050098540
!RF_E2[VOLT]:=  1538985.5050098540

!Run 4B: 0.650 = 25.3565 kHz synch tune
RF_W1[VOLT]:=  1587114.6279251364
RF_W2[VOLT]:=  1587114.6279251364
RF_E1[VOLT]:=  1587114.6279251364
RF_E2[VOLT]:=  1587114.6279251364

