Q00[k1]:=        0.4605109505
Q01W[k1]:=       -0.2923377231
SK_Q02W[k1]:=        0.0000000000
Q02W[k1]:=        0.4531017179
Q03W[k1]:=       -0.3303314476
Q04W[k1]:=        0.6302526520
SK_Q05W[k1]:=        0.0000000000
Q05W[k1]:=       -0.3481412016
SK_Q06W[k1]:=        0.0000000000
Q06W[k1]:=        0.4670317685
Q07W[k1]:=       -0.3652383378
SK_Q07W[k1]:=        0.0000000000
Q08W[k1]:=        0.2171178713
Q08AW[k1]:=       -0.0076392590
Q09W[k1]:=       -0.2708233301
SK_Q09W[k1]:=        0.0000000000
Q10W[k1]:=        0.3052990114
Q11W[k1]:=       -0.2308343258
Q12W[k1]:=        0.2951299566
Q13W[k1]:=       -0.3338384570
Q14W[k1]:=        0.3341470991
Q15W[k1]:=       -0.2763510380
Q16W[k1]:=        0.3433472072
Q17W[k1]:=       -0.3124632500
Q18W[k1]:=        0.4514252651
Q19W[k1]:=       -0.1861625411
Q20W[k1]:=        0.3656139342
Q21W[k1]:=       -0.2523276638
Q22W[k1]:=        0.3130433546
Q23W[k1]:=       -0.2364254876
Q24W[k1]:=        0.2970635748
Q25W[k1]:=       -0.2993104994
Q26W[k1]:=        0.3537288161
Q27W[k1]:=       -0.2556495057
Q28W[k1]:=        0.3663328842
Q29W[k1]:=       -0.2344246607
Q30W[k1]:=        0.2873866500
Q31W[k1]:=       -0.1930141658
Q32W[k1]:=        0.2464174742
Q33W[k1]:=       -0.2406704962
Q34W[k1]:=        0.2698732324
Q35W[k1]:=       -0.1580720592
Q36W[k1]:=        0.2482511470
Q37W[k1]:=       -0.2648222189
Q38W[k1]:=        0.3124254616
Q39W[k1]:=       -0.2850295008
Q40W[k1]:=        0.3291811690
Q41W[k1]:=       -0.2553311640
Q42W[k1]:=        0.2501682097
Q43W[k1]:=       -0.2791278674
Q43AW[k1]:=        0.3417698507
Q44W[k1]:=       -0.3036321274
Q45W[k1]:=        0.3275600333
Q46W[k1]:=       -0.3269727220
SK_Q47W[k1]:=        0.0000000000
Q47W[k1]:=        0.4494805412
Q47AW[k1]:=       -0.2930488346
SK_Q48W[k1]:=        0.0000000000
Q48W[k1]:=        0.5325105121
Q49[k1]:=       -0.2390156804
Q48E[k1]:=        0.5325105121
SK_Q48E[k1]:=        0.0000000000
Q47AE[k1]:=       -0.2930488346
Q47E[k1]:=        0.4494805412
SK_Q47E[k1]:=        0.0000000000
Q46E[k1]:=       -0.3269727220
Q45E[k1]:=        0.3275600333
Q44E[k1]:=       -0.3036321274
Q43AE[k1]:=        0.3417698507
Q43E[k1]:=       -0.2791278674
Q42E[k1]:=        0.2501682097
Q41E[k1]:=       -0.2553311640
Q40E[k1]:=        0.3291811690
Q39E[k1]:=       -0.2850295008
Q38E[k1]:=        0.3124254616
Q37E[k1]:=       -0.2648222189
Q36E[k1]:=        0.2482511470
Q35E[k1]:=       -0.1580720592
Q34E[k1]:=        0.2698732324
Q33E[k1]:=       -0.2406704962
Q32E[k1]:=        0.2464174742
Q31E[k1]:=       -0.1930141658
Q30E[k1]:=        0.2873866500
Q29E[k1]:=       -0.2344246607
Q28E[k1]:=        0.3663328842
Q27E[k1]:=       -0.2556495057
Q26E[k1]:=        0.3537288161
Q25E[k1]:=       -0.2993104994
Q24E[k1]:=        0.2970635748
Q23E[k1]:=       -0.2364254876
Q22E[k1]:=        0.3130433546
Q21E[k1]:=       -0.2523276638
Q20E[k1]:=        0.3656139342
Q19E[k1]:=       -0.1861625411
Q18E[k1]:=        0.4514252651
Q17E[k1]:=       -0.3124632500
Q16E[k1]:=        0.3433472072
Q15E[k1]:=       -0.2763510380
Q14E[k1]:=        0.3341470991
Q13E[k1]:=       -0.3102887406
Q12E[k1]:=        0.2868510046
Q11E[k1]:=       -0.2113946527
Q10E[k1]:=        0.2814452045
SK_Q09E[k1]:=        0.0000000000
Q09E[k1]:=       -0.2197775900
Q08E[k1]:=        0.1980834073
SK_Q07E[k1]:=        0.0000000000
Q07E[k1]:=       -0.5013470533
Q06E[k1]:=        0.5209701869
SK_Q06E[k1]:=        0.0000000000
Q05E[k1]:=       -0.4673305296
SK_Q05E[k1]:=        0.0000000000
Q04E[k1]:=        0.6266719340
Q03E[k1]:=       -0.3468423825
Q02E[k1]:=        0.4585558134
SK_Q02E[k1]:=        0.0000000000
Q01E[k1]:=       -0.2024296237
SK_Q01E[k1]:=        0.0000000000
