  # turn        emit_a        emit_b        emit_c
      10   1.37739E-10   1.23670E-13   2.82397E-06
