#     slice      location   element        
#     index           (s)   name           
          1     810.23660   SA.CELLA.DRI01#1                        
          2     811.23523   SA.CELLA.DRI01#2                        
          3     812.23385   SA.CELLA.DRI01#3                        
          4     813.23248   SA.CELLA.QUA02                          
          5     814.23110   SA.CELLA.COL01                          
          6     815.22973   SA.CELLA.KCK01#1                        
          7     816.22835   SA.CELLA.KCK01#1                        
          8     817.22698   SA.CELLA.KCK01#2                        
          9     818.22560   SA.CELLA.QUA03                          
         10     819.22423   SA.CELLA.BEN02                          
         11     820.22286   SA.CELLA.QUA04                          
         12     821.22148   SA.CELLA.DRI03#2                        
         13     822.22011   SA.CELLA.DRI03#2                        
         14     823.21873   SA.CELLA.QUA05                          
         15     824.21736   SA.CELLA.DRI03#4                        
         16     825.21599   SA.CELLA.DRI03#4                        
         17     826.21461   SA.CELLA.DRI04#1                        
         18     827.21324   SA.CELLA.DRI04#2                        
         19     828.21186   SA.CELLA.DRI04#3                        
         20     829.21049   SA.CELLA.SEP01                          
         21     830.20911   SA.CELLA.SEP01                          
         22     831.20774   SA.CELLA.SEP01                          
         23     832.20637   SA.CELLA.DRI04#4                        
         24     833.20499   SA.CELLA.DRI04#4                        
         25     834.20362   SA.CELLA.BPM05                          
         26     835.20224   SA.CELLA.DRI04#6                        
         27     836.20087   SA.CELLA.BPM06                          
         28     837.19950   SA.CELLA.DRI04#7                        
         29     838.19812   SA.CELLA.COL02                          
         30     839.19675   SA.CELLA.DRI04#9                        
         31     840.19537   SA.CELLA.QUA07                          
         32     841.19400   SA.CELLA.DRI04#11                       
         33     842.19263   SA.CELLA.SLI03                          
         34     843.19125   SA.CELLA.WIG01#1                        
         35     844.18988   SA.CELLA.WIG01#1                        
         36     845.18850   SA.CELLA.WIG01#1                        
         37     846.18713   SA.CELLA.WIG01#1                        
         38     847.18575   SA.CELLA.WIG01#1                        
         39     848.18438   SA.CELLA.WIG01#1                        
         40     849.18300   SA.CELLA.WIG01#1                        
         41     850.18163   SA.CELLA.WIG01#2                        
         42     851.18026   SA.CELLA.WIG01#2                        
         43     852.17888   SA.CELLA.WIG01#2                        
         44     853.17751   SA.CELLA.WIG01#2                        
         45     854.17613   SA.CELLA.WIG01#2                        
         46     855.17476   SA.CELLA.WIG01#2                        
         47     856.17339   SA.CELLA.WIG01#3                        
         48     857.17201   SA.CELLA.WIG01#3                        
         49     858.17064   SA.CELLA.WIG01#3                        
         50     859.16926   SA.CELLA.WIG01#3                        
         51     860.16789   SA.CELLA.WIG01#3                        
         52     861.16652   SA.CELLA.WIG01#3                        
         53     862.16514   SA.CELLA.WIG01#4                        
         54     863.16377   SA.CELLA.WIG01#4                        
         55     864.16239   SA.CELLA.WIG01#4                        
         56     865.16102   SA.CELLA.WIG01#4                        
         57     866.15964   SA.CELLA.WIG01#4                        
         58     867.15827   SA.CELLA.WIG01#4                        
         59     868.15689   SA.CELLA.WBPM02A                        
         60     869.15552   SA.CELLB01.QUA01                        
         61     870.15415   SA.CELLB01.COR01                        
         62     871.15277   SA.CELLB01.DRI01#4                      
         63     872.15140   SA.CELLB01.BEN01                        
         64     873.15002   SA.CELLB01.BEN01                        
         65     874.14865   SA.CELLB01.BEN01                        
         66     875.14728   SA.CELLB01.BEN01.PAD02                  
         67     876.14590   SA.CELLB01.DRI02#1                      
         68     877.14453   SA.CELLB01.DRI02#2                      
         69     878.14315   SA.CELLB01.QUA04                        
         70     879.14178   SA.CELLB01.SEX02                        
         71     880.14040   SA.CELLB01.DRI02#5                      
         72     881.13903   SA.CELLB01.BEN02.PAD01                  
         73     882.13766   SA.CELLB01.BEN02                        
         74     883.13628   SA.CELLB01.BEN02                        
         75     884.13491   SA.CELLB01.BEN02                        
         76     885.13353   SA.CELLB01.DRI03#1                      
         77     886.13216   SA.CELLB01.COR04                        
         78     887.13079   SA.CELLB01.QUA07                        
         79     888.12941   SA.CELLB01.COL01                        
         80     889.12804   SA.CELLB01.BEN03                        
         81     890.12666   SA.CELLB01.WIG01#1                      
         82     891.12529   SA.CELLB01.WIG01#1                      
         83     892.12392   SA.CELLB01.WIG01#2                      
         84     893.12254   SA.CELLB01.WIG01#2                      
         85     894.12117   SA.CELLB01.WIG01#2                      
         86     895.11979   SA.CELLB01.SLI03                        
         87     896.11842   SA.CELLB02.DRI01#2                      
         88     897.11704   SA.CELLB02.QUA02                        
         89     898.11567   SA.CELLB02.BEN01.PAD01                  
         90     899.11429   SA.CELLB02.BEN01                        
         91     900.11292   SA.CELLB02.BEN01                        
         92     901.11155   SA.CELLB02.BEN01                        
         93     902.11017   SA.CELLB02.QUA03                        
         94     903.10880   SA.CELLB02.DRI02#1                      
         95     904.10742   SA.CELLB02.DRI02#3                      
         96     905.10605   SA.CELLB02.COR03                        
         97     906.10468   SA.CELLB02.DRI02#5                      
         98     907.10330   SA.CELLB02.QUA05                        
         99     908.10193   SA.CELLB02.BEN02                        
        100     909.10055   SA.CELLB02.BEN02                        
        101     910.09918   SA.CELLB02.BEN02                        
        102     911.09780   SA.CELLB02.BEN02.PAD02                  
        103     912.09643   SA.CELLB02.QUA06                        
        104     913.09506   SA.CELLB02.PUM03                        
        105     914.09368   SA.CELLB02.COL01                        
        106     915.09231   SA.CELLB02.COL01.PAD02                  
        107     916.09093   SA.CELLB02.WIG01#1                      
        108     917.08956   SA.CELLB02.WIG01#1                      
        109     918.08818   SA.CELLB02.WIG01#1                      
        110     919.08681   SA.CELLB02.WIG01#2                      
        111     920.08544   SA.CELLB02.WIG01#2                      
        112     921.08406   SA.CELLB02.WBPM02A                      
        113     922.08269   SA.CELLB03.QUA01                        
        114     923.08131   SA.CELLB03.DRI01#3                      
        115     924.07994   SA.CELLB03.DRI01#4                      
        116     925.07857   SA.CELLB03.BEN01                        
        117     926.07719   SA.CELLB03.BEN01                        
        118     927.07582   SA.CELLB03.BEN01                        
        119     928.07444   SA.CELLB03.BEN01.PAD02                  
        120     929.07307   SA.CELLB03.DRI02#1                      
        121     930.07169   SA.CELLB03.DRI02#2                      
        122     931.07032   SA.CELLB03.QUA04                        
        123     932.06895   SA.CELLB03.SEX02                        
        124     933.06757   SA.CELLB03.DRI02#5                      
        125     934.06620   SA.CELLB03.BEN02.PAD01                  
        126     935.06482   SA.CELLB03.BEN02                        
        127     936.06345   SA.CELLB03.BEN02                        
        128     937.06208   SA.CELLB03.BEN02                        
        129     938.06070   SA.CELLB03.DRI03#1                      
        130     939.05933   SA.CELLB03.COR04                        
        131     940.05795   SA.CELLB03.QUA07                        
        132     941.05658   SA.CELLB03.COL01                        
        133     942.05521   SA.CELLB03.BEN03                        
        134     943.05383   SA.CELLB03.WIG01#1                      
        135     944.05246   SA.CELLB03.WIG01#1                      
        136     945.05108   SA.CELLB03.WIG01#2                      
        137     946.04971   SA.CELLB03.WIG01#2                      
        138     947.04833   SA.CELLB03.WIG01#2                      
        139     948.04696   SA.CELLB03.SLI03                        
        140     949.04558   SA.CELLB04.DRI01#2                      
        141     950.04421   SA.CELLB04.QUA02                        
        142     951.04284   SA.CELLB04.BEN01.PAD01                  
        143     952.04146   SA.CELLB04.BEN01                        
        144     953.04009   SA.CELLB04.BEN01                        
        145     954.03871   SA.CELLB04.BEN01                        
        146     955.03734   SA.CELLB04.QUA03                        
        147     956.03597   SA.CELLB04.DRI02#1                      
        148     957.03459   SA.CELLB04.DRI02#3                      
        149     958.03322   SA.CELLB04.COR03                        
        150     959.03184   SA.CELLB04.DRI02#5                      
        151     960.03047   SA.CELLB04.QUA05                        
        152     961.02909   SA.CELLB04.BEN02                        
        153     962.02772   SA.CELLB04.BEN02                        
        154     963.02635   SA.CELLB04.BEN02                        
        155     964.02497   SA.CELLB04.BEN02.PAD02                  
        156     965.02360   SA.CELLB04.QUA06                        
        157     966.02222   SA.CELLB04.PUM03                        
        158     967.02085   SA.CELLB04.COL01                        
        159     968.01948   SA.CELLB04.COL01.PAD02                  
        160     969.01810   SA.CELLB04.WIG01#1                      
        161     970.01673   SA.CELLB04.WIG01#1                      
        162     971.01535   SA.CELLB04.WIG01#1                      
        163     972.01398   SA.CELLB04.WIG01#2                      
        164     973.01260   SA.CELLB04.WIG01#2                      
        165     974.01123   SA.CELLB04.WIG01.PAD02#1                
        166     975.00986   SA.CELLB05.QUA01                        
        167     976.00848   SA.CELLB05.DRI01#3                      
        168     977.00711   SA.CELLB05.DRI01#4                      
        169     978.00573   SA.CELLB05.BEN01                        
        170     979.00436   SA.CELLB05.BEN01                        
        171     980.00298   SA.CELLB05.BEN01                        
        172     981.00161   SA.CELLB05.BEN01.PAD02                  
        173     982.00024   SA.CELLB05.COR02                        
        174     982.99886   SA.CELLB05.DRI02#2                      
        175     983.99749   SA.CELLB05.QUA04                        
        176     984.99611   SA.CELLB05.SEX02                        
        177     985.99474   SA.CELLB05.DRI02#5                      
        178     986.99337   SA.CELLB05.BEN02.PAD01                  
        179     987.99199   SA.CELLB05.BEN02                        
        180     988.99062   SA.CELLB05.BEN02                        
        181     989.98924   SA.CELLB05.BEN02                        
        182     990.98787   SA.CELLB05.DRI03#1                      
        183     991.98649   SA.CELLB05.COR04                        
        184     992.98512   SA.CELLB05.QUA07                        
        185     993.98375   SA.CELLB05.COL01                        
        186     994.98237   SA.CELLB05.BEN03                        
        187     995.98100   SA.CELLB05.WIG01#1                      
        188     996.97962   SA.CELLB05.WIG01#1                      
        189     997.97825   SA.CELLB05.WIG01#2                      
        190     998.97687   SA.CELLB05.WIG01#2                      
        191     999.97550   SA.CELLB05.WIG01#2                      
        192    1000.97413   SA.CELLB05.SLI03                        
        193    1001.97275   SA.CELLC.DRI01#1                        
        194    1002.97138   SA.CELLC.QUA02                          
        195    1003.97000   SA.CELLC.BEN01                          
        196    1004.96863   SA.CELLC.BEN01                          
        197    1005.96726   SA.CELLC.BEN01                          
        198    1006.96588   SA.CELLC.QUA03                          
        199    1007.96451   SA.CELLC.BEN02                          
        200    1008.96313   SA.CELLC.BEN02                          
        201    1009.96176   SA.CELLC.BEN02                          
        202    1010.96038   SA.CELLC.QUA04                          
        203    1011.95901   SA.CELLC.DRI03#1                        
        204    1012.95764   SA.CELLC.QUA05                          
        205    1013.95626   SA.CELLC.SEX02                          
        206    1014.95489   SA.CELLC.QUA06                          
        207    1015.95351   SA.CELLC.BEN03                          
        208    1016.95214   SA.CELLC.BEN03                          
        209    1017.95077   SA.CELLC.BEN03                          
        210    1018.94939   SA.CELLC.DRI04#1                        
        211    1019.94802   SA.CELLC.SLI03                          
        212    1020.94664   SA.CELLC.BEN04                          
        213    1021.94527   SA.CELLC.BEN04                          
        214    1022.94389   SA.CELLC.BEN04                          
        215    1023.94252   SA.CELLC.DRI05#2                        
        216    1024.94115   SA.CELLC.QUA09                          
        217    1025.93977   SA.CELLC.DRI05#3                        
        218    1026.93840   SA.CELLC.DRI05#3                        
        219    1027.93702   SA.CELLC.DRI05#4                        
        220    1028.93565   SA.CELLC.DRI05#4                        
        221    1029.93428   SA.CELLC.DRI05#4                        
        222    1030.93290   SA.CELLC.QUA10                          
        223    1031.93153   SA.CELLC.DRI05#6                        
        224    1032.93015   SA.CELLC.DRI05#6                        
        225    1033.92878   SA.CELLC.DRI05#6                        
        226    1034.92740   SA.CELLC.DRI05#6                        
        227    1035.92603   SA.CELLC.DRI05#7                        
        228    1036.92466   SA.CELLC.DRI05#7                        
        229    1037.92328   SA.CELLC.QUA11                          
        230    1038.92191   SA.CELLC.DRI05#8                        
        231    1039.92053   SA.CELLD01.BPM01                        
        232    1040.91916   SA.CELLD01.BEN01                        
        233    1041.91779   SA.CELLD01.BEN01                        
        234    1042.91641   SA.CELLD01.BEN01                        
        235    1043.91504   SA.CELLD01.QUA02                        
        236    1044.91366   SA.CELLD01.DRI02#2                      
        237    1045.91229   SA.CELLD01.DRI02#4                      
        238    1046.91091   SA.CELLD01.SLI02                        
        239    1047.90954   SA.CELLD01.BEN02                        
        240    1048.90817   SA.CELLD01.BEN02                        
        241    1049.90679   SA.CELLD01.BEN02                        
        242    1050.90542   SA.CELLD02.COR01                        
        243    1051.90404   SA.CELLD02.BEN01                        
        244    1052.90267   SA.CELLD02.BEN01                        
        245    1053.90129   SA.CELLD02.BEN01                        
        246    1054.89992   SA.CELLD02.BPM02                        
        247    1055.89855   SA.CELLD02.QUA03                        
        248    1056.89717   SA.CELLD02.DRI02#4                      
        249    1057.89580   SA.CELLD02.BEN02                        
        250    1058.89442   SA.CELLD02.BEN02                        
        251    1059.89305   SA.CELLD02.BEN02                        
        252    1060.89168   SA.CELLD02.BEN02.PAD02                  
        253    1061.89030   SA.CELLD03.SLI01                        
        254    1062.88893   SA.CELLD03.BEN01                        
        255    1063.88755   SA.CELLD03.BEN01                        
        256    1064.88618   SA.CELLD03.BEN01                        
        257    1065.88480   SA.CELLD03.DRI02#1                      
        258    1066.88343   SA.CELLD03.QUA03                        
        259    1067.88206   SA.CELLD03.DRI02#3                      
        260    1068.88068   SA.CELLD03.BEN02                        
        261    1069.87931   SA.CELLD03.BEN02                        
        262    1070.87793   SA.CELLD03.BEN02                        
        263    1071.87656   SA.CELLD04.QUA01                        
        264    1072.87518   SA.CELLD04.BEN01                        
        265    1073.87381   SA.CELLD04.BEN01                        
        266    1074.87244   SA.CELLD04.BEN01                        
        267    1075.87106   SA.CELLD04.BEN01.PAD02                  
        268    1076.86969   SA.CELLD04.DRI02#1                      
        269    1077.86831   SA.CELLD04.BPM03                        
        270    1078.86694   SA.CELLD04.QUA04                        
        271    1079.86557   SA.CELLD04.BEN02                        
        272    1080.86419   SA.CELLD04.BEN02                        
        273    1081.86282   SA.CELLD04.BEN02                        
        274    1082.86144   SA.CELLD05.QUA01                        
        275    1083.86007   SA.CELLD05.BEN01                        
        276    1084.85869   SA.CELLD05.BEN01                        
        277    1085.85732   SA.CELLD05.BEN01                        
        278    1086.85595   SA.CELLD05.QUA02                        
        279    1087.85457   SA.CELLD05.DRI02#2                      
        280    1088.85320   SA.CELLD05.DRI02#3                      
        281    1089.85182   SA.CELLD05.QUA04                        
        282    1090.85045   SA.CELLD05.BEN02                        
        283    1091.84908   SA.CELLD05.BEN02                        
        284    1092.84770   SA.CELLD05.BEN02                        
        285    1093.84633   SA.CELLD06.COR01                        
        286    1094.84495   SA.CELLD06.BEN01                        
        287    1095.84358   SA.CELLD06.BEN01                        
        288    1096.84220   SA.CELLD06.BEN01                        
        289    1097.84083   SA.CELLD06.QUA02                        
        290    1098.83946   SA.CELLD06.QUA03                        
        291    1099.83808   SA.CELLD06.DRI02#4                      
        292    1100.83671   SA.CELLD06.BEN02.PAD01                  
        293    1101.83533   SA.CELLD06.BEN02                        
        294    1102.83396   SA.CELLD06.BEN02                        
        295    1103.83258   SA.CELLD06.BEN02                        
        296    1104.83121   SA.CELLD07.DRI01                        
        297    1105.82984   SA.CELLD07.BEN01                        
        298    1106.82846   SA.CELLD07.BEN01                        
        299    1107.82709   SA.CELLD07.BEN01                        
        300    1108.82571   SA.CELLD07.COR02                        
        301    1109.82434   SA.CELLD07.QUA03                        
        302    1110.82297   SA.CELLD07.PUM01                        
        303    1111.82159   SA.CELLD07.BEN02                        
        304    1112.82022   SA.CELLD07.BEN02                        
        305    1113.81884   SA.CELLD07.BEN02                        
        306    1114.81747   SA.CELLD07.QUA05                        
        307    1115.81609   SA.CELLD07.PUM02                        
        308    1116.81472   SA.CELLD07.QUA06                        
        309    1117.81335   SA.CELLD07.COL01                        
        310    1118.81197   SA.CELLD07.WIG01.PAD01#1                
        311    1119.81060   SA.CELLD07.WIG01#1                      
        312    1120.80922   SA.CELLD07.WIG01#1                      
        313    1121.80785   SA.CELLD07.WIG01#2                      
        314    1122.80647   SA.CELLD07.WIG01#2                      
        315    1123.80510   SA.CELLD07.WIG01#2                      
        316    1124.80373   SA.CELLE.DRI01#1                        
        317    1125.80235   SA.CELLE.QUA02                          
        318    1126.80098   SA.CELLE.BEN01                          
        319    1127.79960   SA.CELLE.BEN01                          
        320    1128.79823   SA.CELLE.BEN01                          
        321    1129.79686   SA.CELLE.QUA03                          
        322    1130.79548   SA.CELLE.DRI02#1                        
        323    1131.79411   SA.CELLE.QUA04                          
        324    1132.79273   SA.CELLE.PUM03                          
        325    1133.79136   SA.CELLE.BEN02                          
        326    1134.78998   SA.CELLE.BEN02                          
        327    1135.78861   SA.CELLE.BEN02                          
        328    1136.78724   SA.CELLE.BEN02.PAD02                    
        329    1137.78586   SA.CELLE.DRI03#1                        
        330    1138.78449   SA.CELLE.QUA07                          
        331    1139.78311   SA.CELLE.SEX02                          
        332    1140.78174   SA.CELLE.QUA08                          
        333    1141.78037   SA.CELLE.BEN03                          
        334    1142.77899   SA.CELLE.BEN03                          
        335    1143.77762   SA.CELLE.BEN03                          
        336    1144.77624   SA.CELLE.QUA09                          
        337    1145.77487   SA.CELLE.SEX03#1                        
        338    1146.77349   SA.CELLE.DRI04#3                        
        339    1147.77212   SA.CELLE.QUA11                          
        340    1148.77075   SA.CELLE.BEN04                          
        341    1149.76937   SA.CELLE.BEN04                          
        342    1150.76800   SA.CELLE.BEN04                          
        343    1151.76662   SA.CELLE.QUA12                          
        344    1152.76525   SA.CELLE.QUA13                          
        345    1153.76387   SA.CELLE.COL01                          
        346    1154.76250   SA.CELLE.BEN05                          
        347    1155.76113   SA.CELLE.WIG01#1                        
        348    1156.75975   SA.CELLE.WIG01#1                        
        349    1157.75838   SA.CELLE.WIG01#1                        
        350    1158.75700   SA.CELLE.WIG01#1                        
        351    1159.75563   SA.CELLE.WIG01#1                        
        352    1160.75426   SA.CELLE.WIG01#1                        
        353    1161.75288   SA.CELLE.WIG01#2                        
        354    1162.75151   SA.CELLE.WIG01#2                        
        355    1163.75013   SA.CELLE.WIG01#2                        
        356    1164.74876   SA.CELLE.WIG01#2                        
        357    1165.74738   SA.CELLE.WIG01#2                        
        358    1166.74601   SA.CELLE.WIG01#2                        
        359    1167.74464   SA.CELLE.WIG01#3                        
        360    1168.74326   SA.CELLE.WIG01#3                        
        361    1169.74189   SA.CELLE.WIG01#3                        
        362    1170.74051   SA.CELLE.WIG01#3                        
        363    1171.73914   SA.CELLE.WIG01#3                        
        364    1172.73776   SA.CELLE.WIG01#3                        
        365    1173.73639   SA.CELLE.WIG01#4                        
        366    1174.73502   SA.CELLE.WIG01#4                        
        367    1175.73364   SA.CELLE.WIG01#4                        
        368    1176.73227   SA.CELLE.WIG01#4                        
        369    1177.73089   SA.CELLE.WIG01#4                        
        370    1178.72952   SA.CELLE.WIG01#4                        
        371    1179.72815   SA.CELLE.WIG01#4                        
        372    1180.72677   SA.CELLE.GAT02                          
        373    1181.72540   SA.CELLF.DRI01#2                        
        374    1182.72402   SA.CELLF.DRI01#3                        
        375    1183.72265   SA.CELLF.QUA02                          
        376    1184.72127   SA.CELLF.BEN01                          
        377    1185.71990   SA.CELLF.BEN01                          
        378    1186.71853   SA.CELLF.BEN01                          
        379    1187.71715   SA.CELLF.BEN01                          
        380    1188.71578   SA.CELLF.QUA03                          
        381    1189.71440   SA.CELLF.SEX01                          
        382    1190.71303   SA.CELLF.BEN02                          
        383    1191.71166   SA.CELLF.BEN02                          
        384    1192.71028   SA.CELLF.BEN02                          
        385    1193.70891   SA.CELLF.BEN02                          
        386    1194.70753   SA.CELLF.BEN02                          
        387    1195.70616   SA.CELLF.DRI03#1                        
        388    1196.70478   SA.CELLF.QUA06                          
        389    1197.70341   SA.CELLF.DRI03#3                        
        390    1198.70204   SA.CELLF.BEN03                          
        391    1199.70066   SA.CELLF.BEN03                          
        392    1200.69929   SA.CELLF.BEN03                          
        393    1201.69791   SA.CELLF.BEN03                          
        394    1202.69654   SA.CELLF.QUA08                          
        395    1203.69516   SA.CELLF.SEX02                          
        396    1204.69379   SA.CELLF.BEN04.PAD01                    
        397    1205.69242   SA.CELLF.BEN04                          
        398    1206.69104   SA.CELLF.BEN04                          
        399    1207.68967   SA.CELLF.BEN04                          
        400    1208.68829   SA.CELLF.BEN04                          
        401    1209.68692   SA.CELLF.DRI05#1                        
        402    1210.68555   SA.CELLF.QUA11                          
        403    1211.68417   SA.CELLF.DRI05#3                        
        404    1212.68280   SA.CELLF.COL01                          
        405    1213.68142   SA.CELLF.BEN05                          
        406    1214.68005   SA.CELLF.WIG01#1                        
        407    1215.67867   SA.CELLF.WIG01#1                        
        408    1216.67730   SA.CELLF.WIG01#1                        
        409    1217.67593   SA.CELLF.WIG01#2                        
        410    1218.67455   SA.CELLF.WIG01#2                        
        411    1219.66318   SA.CELLF.WIG01#2                        
